// Jest Snapshot v1, https://goo.gl/fbAQLP

exports[`MyComponent should render correctly  1`] = `
<header>
  <img
    alt="main-logo"
    src={Object {}}
  />
  <nav>
    <Link
      to="/home"
    >
      Home
    </Link>
    <Link
      to="/products"
    >
      Products
    </Link>
  </nav>
  <HeaderCart />
</header>
`;
